// Jest Snapshot v1, https://goo.gl/fbAQLP

exports[`segment 全局 - 使工具全局可见(&B) 1`] = `"使工具全域可見(&B)"`;

exports[`segment 全局库 - 导入的项目引用了未知的全局库 1`] = `"導入的項目引用了未知的全域類別庫"`;

exports[`segment 剪貼板 - 從剪貼板粘貼 1`] = `"從剪貼簿貼上"`;

exports[`segment 只讀 - action.ToggleReadOnlyAttribute.text=切換只讀特性 1`] = `"action.ToggleReadOnlyAttribute.text=切換唯讀特性"`;

exports[`segment 屏幕 - action.android.emulator.home.button.text=主屏幕 1`] = `"action.android.emulator.home.button.text=主螢幕"`;

exports[`segment 打印 - action.Print.text=打印(_P)…
action.Print.description=打印文件 1`] = `
"action.Print.text=列印(_P)…
action.Print.description=列印檔案"
`;

exports[`segment 文件夾 - 仅报告位於源文件夹下的空目录 1`] = `"僅報告位於源資料夾下的空目錄"`;

exports[`segment 文件夾 - ，右击任何文件夹， 1`] = `"，右擊任何資料夾，"`;

exports[`segment 服務器 - 以下文件被禁止，因为其中一个文件很可能导致服务器崩溃。
{0} 1`] = `
"以下檔案被禁止，因為其中一個檔案很可能導致伺服器崩潰。
{0}"
`;

exports[`segment 標簽頁 - 關閉組內未固定標簽頁 1`] = `"關閉組內未固定頁籤"`;

exports[`segment 標籤頁 - 關閉組內未固定標籤頁 1`] = `"關閉組內未固定頁籤"`;

exports[`segment 粘貼 - 從剪貼板粘貼 1`] = `"從剪貼簿貼上"`;

exports[`segment 選項卡 - action.close.all.unmodified.editors=關閉未修改選項卡(_U) 1`] = `"action.close.all.unmodified.editors=關閉未修改頁籤(_U)"`;

exports[`segment 選項卡 - 編輯器選項卡 1`] = `"編輯器頁籤"`;

exports[`should include 全域類別庫 - 导入的项目引用了未知的全局库 1`] = `"導入的項目引用了未知的全域類別庫"`;

exports[`should include 原始碼 - 选择根源代码 1`] = `"選擇根原始碼"`;

exports[`should include 頁面 - 打开文件或项目。您也可以通过拖放到欢迎屏幕来打开项目或编辑文件。 1`] = `"打開檔案或項目。您也可以通過拖放到歡迎頁面來打開項目或編輯檔案。"`;

exports[`should include 頁面 - 显示初始屏幕 1`] = `"顯示初始頁面"`;

exports[`should include 顯示 - 顯示屏幕外圖像 1`] = `"顯示螢幕外圖像"`;
